../Core/Src/main.c:114:5:main	8	static
../Core/Src/main.c:183:6:SystemClock_Config	72	static
../Core/Src/main.c:223:13:MX_I2C2_Init	8	static
../Core/Src/main.c:257:13:MX_TIM2_Init	48	static
../Core/Src/main.c:318:13:MX_TIM3_Init	56	static
../Core/Src/main.c:367:13:MX_TIM4_Init	56	static
../Core/Src/main.c:416:13:MX_USART1_UART_Init	8	static
../Core/Src/main.c:449:13:MX_GPIO_Init	24	static
../Core/Src/main.c:464:6:AT_SEND	24	static
../Core/Src/main.c:471:6:SendINFO	28	static
../Core/Src/main.c:483:10:Gettime	24	static
../Core/Src/main.c:491:13:WIFI_Init	8	static
../Core/Src/main.c:504:6:CalculateSpeedAngle	40	static
../Core/Src/main.c:576:13:MessageProcess	16	static
../Core/Src/main.c:612:13:MOTOR_Control	8	static
../Core/Src/main.c:672:6:Error_Handler	4	static,ignoring_inline_asm
